// Jest Snapshot v1, https://goo.gl/fbAQLP

exports[`switch modifier for change payload type should render change template with disabled word 1`] = `
<div>
  <div
    class="Picasso-root"
  >
    
    <a
      class="MuiTypography-root MuiLink-root MuiLink-underlineHover PicassoLink-root PicassoLink-blue MuiTypography-colorPrimary"
      href="/platform/staff/staff/420656"
    >
      Joanna Cavazos
    </a>
     
    disabled
     automatic allocation of memorandums to new invoices for 
    <a
      class="MuiTypography-root MuiLink-root MuiLink-underlineHover PicassoLink-root PicassoLink-blue MuiTypography-colorPrimary"
      href="/platform/staff/companies/1489755"
    >
      Bartoletti-O'Reilly
    </a>
    
  </div>
</div>
`;
