// Jest Snapshot v1, https://goo.gl/fbAQLP

exports[`EntOverviewBillingSummaryItem default render 1`] = `
<div>
  <div
    class="Picasso-root"
  >
    <div
      data-testid="EntOverviewBillingSummaryItem"
    >
      <span
        data-testid="EntOverviewBillingSummaryItem-value"
      >
        <span
          class="MuiTypography-root PicassoTypography-bodyInherit PicassoTypography-inherit PicassoTypography-inheritWeight MuiTypography-body1 MuiTypography-displayInline"
          data-testid="EntOverviewBillingSummaryItem-amount"
        >
          $2,134,585.00
        </span>
      </span>
      <span
        data-testid="EntOverviewBillingSummaryItem-label"
      >
        Paid
      </span>
      <span
        data-testid="EntOverviewBillingSummaryItem-variant"
      >
        label-green
      </span>
    </div>
  </div>
</div>
`;
