// Jest Snapshot v1, https://goo.gl/fbAQLP

exports[`CancelForm default render 1`] = `
<div>
  <div
    class="Picasso-root"
  >
    <div
      class=""
    >
      <form
        data-testid="CancelForm"
      >
        <div
          class="PicassoModalTitle-root"
        >
          <h2
            class="MuiTypography-root MuiTypography-h2"
          >
            Cancel Payment
          </h2>
        </div>
        <div
          class="PicassoModalContent-wrapper"
        >
          <div
            class="PicassoModalContent-modalContent"
          >
            <div
              class=""
              style="margin-bottom: 2rem;"
            >
              <p
                class="MuiTypography-root PicassoTypography-bodyMedium MuiTypography-body1"
              >
                Are you sure you want to cancel payment?
              </p>
            </div>
            <div
              class="PicassoFormField-root"
              data-field-has-error="false"
              data-testid="CancelForm-comment"
            >
              <label
                class="PicassoFormLabel-root"
                for="comment"
              >
                <span
                  class="PicassoFormLabel-medium"
                >
                  Comment
                </span>
              </label>
              <div
                class="MuiInputBase-root MuiOutlinedInput-root PicassoOutlinedInput-root PicassoInput-root PicassoInput-rootMultiline PicassoOutlinedInput-rootFull PicassoOutlinedInput-rootMedium MuiInputBase-fullWidth Mui-focused Mui-focused PicassoOutlinedInput-focused MuiInputBase-multiline MuiOutlinedInput-multiline MuiInputBase-adornedStart MuiOutlinedInput-adornedStart MuiInputBase-adornedEnd MuiOutlinedInput-adornedEnd"
              >
                <textarea
                  aria-invalid="false"
                  autocomplete="none"
                  class="MuiInputBase-input MuiOutlinedInput-input PicassoOutlinedInput-input PicassoOutlinedInput-inputMedium MuiInputBase-inputMultiline MuiOutlinedInput-inputMultiline PicassoOutlinedInput-inputMultiline MuiInputBase-inputAdornedStart MuiOutlinedInput-inputAdornedStart MuiInputBase-inputAdornedEnd MuiOutlinedInput-inputAdornedEnd"
                  id="comment"
                  name="comment"
                  rows="4"
                  style="height: 0px; overflow: hidden;"
                />
                <textarea
                  aria-hidden="true"
                  class="MuiInputBase-input MuiOutlinedInput-input PicassoOutlinedInput-input PicassoOutlinedInput-inputMedium MuiInputBase-inputMultiline MuiOutlinedInput-inputMultiline PicassoOutlinedInput-inputMultiline MuiInputBase-inputAdornedStart MuiOutlinedInput-inputAdornedStart MuiInputBase-inputAdornedEnd MuiOutlinedInput-inputAdornedEnd"
                  readonly=""
                  style="visibility: hidden; position: absolute; overflow: hidden; height: 0px; top: 0px; left: 0px; transform: translateZ(0); width: 100%;"
                  tabindex="-1"
                />
                <fieldset
                  aria-hidden="true"
                  class="PrivateNotchedOutline-root MuiOutlinedInput-notchedOutline PicassoOutlinedInput-notchedOutline"
                  style="padding-left: 8px;"
                >
                  <legend
                    class="PrivateNotchedOutline-legend"
                    style="width: 0.01px;"
                  >
                    <span>
                      ​
                    </span>
                  </legend>
                </fieldset>
              </div>
            </div>
          </div>
        </div>
        <div
          data-testid="InvoiceModalVariations"
        >
          <button
            class="MuiButtonBase-root PicassoButton-medium PicassoButton-positive PicassoButton-root"
            data-component-type="button"
            data-testid="submit"
            tabindex="0"
            type="submit"
          >
            <span
              class="PicassoContainer-centerAlignItems PicassoContainer-flex PicassoContainer-inline PicassoButton-content"
            >
              Cancel Payment
            </span>
          </button>
        </div>
      </form>
    </div>
  </div>
</div>
`;
